**********************
Windows PowerShell transcript start
Start time: 20260901183522
Username: cicada\David
RunAs User: cicada\David
Configuration Name: 
Machine: CICADA (Microsoft Windows NT 10.0.26200.0)
Host Application: C:\WINDOWS\System32\WindowsPowerShell\v1.0\powershell.exe -NoExit -Command & 'C:\Users\David\minimax-agents\manager\overseer.ps1' -AutoDetect -ExpectWorkers 1 -AutoDetectTimeoutSec 180
Process ID: 33340
PSVersion: 5.1.26100.9168
PSEdition: Desktop
PSCompatibleVersions: 1.0, 2.0, 3.0, 4.0, 5.0, 5.1.26100.9168
BuildVersion: 10.0.26100.9168
CLRVersion: 4.0.30319.42000
WSManStackVersion: 3.0
PSRemotingProtocolVersion: 2.3
SerializationVersion: 1.1.0.1
**********************
overseer live (poll 2s) - /detect /fleet /status /doing <name> /interrupt <name> <advice>
  workers are Alpha, Bravo, Charlie... by detection order. answer yes to send a suggestion, '<name>: <text>' to steer. Ctrl+C to stop.
  detect: port 4311 newest session idle 89.1h - stale, skipped (task that worker to wake it, or close the dead console)
  detect: port 4312 newest session idle 89.1h - stale, skipped (task that worker to wake it, or close the dead console)
PS>TerminatingError(Invoke-RestMethod): "The operation has timed out."
PS>TerminatingError(Invoke-RestMethod): "The operation has timed out."
>> TerminatingError(Invoke-RestMethod): "The operation has timed out."
  detect: port 4319 newest session idle 45.6h - stale, skipped (task that worker to wake it, or close the dead console)
PS>TerminatingError(Invoke-RestMethod): "{"ok":false,"error_code":400,"description":"Bad Request: expected an Array of InlineKeyboardButton"}"
  telegram inline menu failed: The remote server returned an error: (400) Bad Request.
  detect: port 4311 newest session idle 89.1h - stale, skipped (task that worker to wake it, or close the dead console)
  detect: port 4312 newest session idle 89.1h - stale, skipped (task that worker to wake it, or close the dead console)
PS>TerminatingError(Invoke-RestMethod): "The operation has timed out."
PS>TerminatingError(Invoke-RestMethod): "The operation has timed out."
>> TerminatingError(Invoke-RestMethod): "The operation has timed out."
  detect: port 4319 newest session idle 45.6h - stale, skipped (task that worker to wake it, or close the dead console)
PS>TerminatingError(Invoke-RestMethod): "{"ok":false,"error_code":400,"description":"Bad Request: expected an Array of InlineKeyboardButton"}"
  telegram inline menu failed: The remote server returned an error: (400) Bad Request.
  detect: port 4311 newest session idle 89.1h - stale, skipped (task that worker to wake it, or close the dead console)
  detect: port 4312 newest session idle 89.1h - stale, skipped (task that worker to wake it, or close the dead console)
PS>TerminatingError(Invoke-RestMethod): "The operation has timed out."
PS>TerminatingError(Invoke-RestMethod): "The operation has timed out."
>> TerminatingError(Invoke-RestMethod): "The operation has timed out."
  detect: port 4319 newest session idle 45.6h - stale, skipped (task that worker to wake it, or close the dead console)
PS>TerminatingError(Invoke-RestMethod): "{"ok":false,"error_code":400,"description":"Bad Request: expected an Array of InlineKeyboardButton"}"
  telegram inline menu failed: The remote server returned an error: (400) Bad Request.
**********************
Windows PowerShell transcript start
Start time: 20260901184647
Username: cicada\David
RunAs User: cicada\David
Configuration Name: 
Machine: CICADA (Microsoft Windows NT 10.0.26200.0)
Host Application: C:\WINDOWS\System32\WindowsPowerShell\v1.0\powershell.exe -NoExit -Command & 'C:\Users\David\minimax-agents\manager\overseer.ps1' -AutoDetect -ExpectWorkers 1 -AutoDetectTimeoutSec 180
Process ID: 29448
PSVersion: 5.1.26100.9168
PSEdition: Desktop
PSCompatibleVersions: 1.0, 2.0, 3.0, 4.0, 5.0, 5.1.26100.9168
BuildVersion: 10.0.26100.9168
CLRVersion: 4.0.30319.42000
WSManStackVersion: 3.0
PSRemotingProtocolVersion: 2.3
SerializationVersion: 1.1.0.1
**********************
overseer live (poll 2s) - /detect /fleet /status /doing <name> /interrupt <name> <advice>
  workers are Alpha, Bravo, Charlie... by detection order. answer yes to send a suggestion, '<name>: <text>' to steer. Ctrl+C to stop.
  detect: port 4311 worker session idle 89.3h - adopted
  detect: port 4312 worker session idle 89.3h - adopted
  detect: port 4313 worker session idle 2h - adopted
PS>TerminatingError(Invoke-RestMethod): "The operation has timed out."
  detect: port 4315 worker session idle 0.2h - adopted
PS>TerminatingError(Invoke-RestMethod): "The operation has timed out."
>> TerminatingError(Invoke-RestMethod): "The operation has timed out."
  detect: port 4319 worker session idle 45.8h - adopted
PS>TerminatingError(Invoke-RestMethod): "{"ok":false,"error_code":400,"description":"Bad Request: expected an Array of InlineKeyboardButton"}"
  telegram inline menu failed: The remote server returned an error: (400) Bad Request. / {"ok":false,"error_code":400,"description":"Bad Request: expected an Array of InlineKeyboardButton"}
**********************
Windows PowerShell transcript start
Start time: 20260901192242
Username: cicada\David
RunAs User: cicada\David
Configuration Name: 
Machine: CICADA (Microsoft Windows NT 10.0.26200.0)
Host Application: C:\WINDOWS\System32\WindowsPowerShell\v1.0\powershell.exe -NoExit -Command & 'C:\Users\David\minimax-agents\manager\overseer.ps1' -AutoDetect -ExpectWorkers 1 -AutoDetectTimeoutSec 180
Process ID: 2916
PSVersion: 5.1.26100.9168
PSEdition: Desktop
PSCompatibleVersions: 1.0, 2.0, 3.0, 4.0, 5.0, 5.1.26100.9168
BuildVersion: 10.0.26100.9168
CLRVersion: 4.0.30319.42000
WSManStackVersion: 3.0
PSRemotingProtocolVersion: 2.3
SerializationVersion: 1.1.0.1
**********************
overseer live (poll 2s) - /detect /fleet /status /doing <name> /interrupt <name> <advice>
  workers are Alpha, Bravo, Charlie... by detection order. answer yes to send a suggestion, '<name>: <text>' to steer. Ctrl+C to stop.
  detect: port 4311 worker session idle 89.9h - adopted
  detect: port 4312 worker session idle 89.9h - adopted
  detect: port 4313 worker session idle 2.6h - adopted
PS>TerminatingError(Invoke-RestMethod): "The operation has timed out."
  detect: port 4315 worker session idle 0.8h - adopted
PS>TerminatingError(Invoke-RestMethod): "The operation has timed out."
>> TerminatingError(Invoke-RestMethod): "The operation has timed out."
  detect: port 4319 worker session idle 46.4h - adopted
PS>TerminatingError(Invoke-RestMethod): "{"ok":false,"error_code":400,"description":"Bad Request: message is not modified: specified new message content and reply markup are exactly the same as a current content and reply markup of the message"}"
**********************
Windows PowerShell transcript start
Start time: 20260901200035
Username: cicada\David
RunAs User: cicada\David
Configuration Name: 
Machine: CICADA (Microsoft Windows NT 10.0.26200.0)
Host Application: C:\WINDOWS\System32\WindowsPowerShell\v1.0\powershell.exe -NoExit -Command & 'C:\Users\David\minimax-agents\manager\overseer.ps1' -AutoDetect -ExpectWorkers 1 -AutoDetectTimeoutSec 180
Process ID: 36140
PSVersion: 5.1.26100.9168
PSEdition: Desktop
PSCompatibleVersions: 1.0, 2.0, 3.0, 4.0, 5.0, 5.1.26100.9168
BuildVersion: 10.0.26100.9168
CLRVersion: 4.0.30319.42000
WSManStackVersion: 3.0
PSRemotingProtocolVersion: 2.3
SerializationVersion: 1.1.0.1
**********************
overseer v4.6 live (poll 2s) - /detect /fleet /status /doing <name> /interrupt <name> <advice>
  workers are Alpha, Bravo, Charlie... by detection order. answer yes to send a suggestion, '<name>: <text>' to steer. Ctrl+C to stop.
  [20:00:36] telegram: sent 197 chars
  detect: port 4311 worker session idle 90.5h - adopted
  detect: port 4312 worker session idle 90.5h - adopted
  detect: port 4313 worker session idle 3.2h - adopted
PS>TerminatingError(Invoke-RestMethod): "The operation has timed out."
  detect: port 4315 worker session idle 1.4h - adopted
PS>TerminatingError(Invoke-RestMethod): "The operation has timed out."
>> TerminatingError(Invoke-RestMethod): "The operation has timed out."
  detect: port 4319 worker session idle 47h - adopted
  [20:00:44] telegram: inline menu sent (1 button row(s))
**********************
Windows PowerShell transcript start
Start time: 20260901203449
Username: cicada\David
RunAs User: cicada\David
Configuration Name: 
Machine: CICADA (Microsoft Windows NT 10.0.26200.0)
Host Application: C:\WINDOWS\System32\WindowsPowerShell\v1.0\powershell.exe -NoExit -Command & 'C:\Users\David\minimax-agents\manager\overseer.ps1' -AutoDetect -ExpectWorkers 1 -AutoDetectTimeoutSec 180
Process ID: 4992
PSVersion: 5.1.26100.9168
PSEdition: Desktop
PSCompatibleVersions: 1.0, 2.0, 3.0, 4.0, 5.0, 5.1.26100.9168
BuildVersion: 10.0.26100.9168
CLRVersion: 4.0.30319.42000
WSManStackVersion: 3.0
PSRemotingProtocolVersion: 2.3
SerializationVersion: 1.1.0.1
**********************
**********************
Windows PowerShell transcript start
Start time: 20260901204403
Username: cicada\David
RunAs User: cicada\David
Configuration Name: 
Machine: CICADA (Microsoft Windows NT 10.0.26200.0)
Host Application: C:\WINDOWS\System32\WindowsPowerShell\v1.0\powershell.exe -NoExit -Command & 'C:\Users\David\minimax-agents\manager\overseer.ps1' -AutoDetect -ExpectWorkers 2 -AutoDetectTimeoutSec 180
Process ID: 45332
PSVersion: 5.1.26100.9168
PSEdition: Desktop
PSCompatibleVersions: 1.0, 2.0, 3.0, 4.0, 5.0, 5.1.26100.9168
BuildVersion: 10.0.26100.9168
CLRVersion: 4.0.30319.42000
WSManStackVersion: 3.0
PSRemotingProtocolVersion: 2.3
SerializationVersion: 1.1.0.1
**********************
overseer v4.7 live (poll 2s) - /detect /fleet /status /doing <name> /interrupt <name> <advice>
  workers are Alpha, Bravo, Charlie... by detection order. answer yes to send a suggestion, '<name>: <text>' to steer. Ctrl+C to stop.
  [20:44:04] telegram: sent 213 chars
  detect: port 4311 worker session idle 91.3h - adopted
  detect: port 4312 worker session idle 91.3h - adopted
  detect: port 4313 worker session idle 3.9h - adopted
PS>TerminatingError(Invoke-RestMethod): "The operation has timed out."
  detect: port 4315 worker session idle 0h - adopted
PS>TerminatingError(Invoke-RestMethod): "The operation has timed out."
>> TerminatingError(Invoke-RestMethod): "The operation has timed out."
  detect: port 4319 worker session idle 47.8h - adopted
  [20:44:12] telegram: inline menu sent (1 button row(s))
  [20:44:15] telegram: sent 457 chars
  [20:44:21] telegram: sent 457 chars
PS>TerminatingError(Invoke-RestMethod): "Unable to connect to the remote server"
  Bravo poll failed: Unable to connect to the remote server
PS>TerminatingError(Invoke-RestMethod): "Unable to connect to the remote server"
  Charlie poll failed: Unable to connect to the remote server
PS>TerminatingError(Invoke-RestMethod): "Unable to connect to the remote server"
>> TerminatingError(Invoke-RestMethod): "Unable to connect to the remote server"
>> TerminatingError(Invoke-RestMethod): "Unable to connect to the remote server"
>> TerminatingError(Invoke-RestMethod): "Unable to connect to the remote server"
  detect: port 4311 worker session idle 91.3h - adopted
  detect: port 4312 worker session idle 91.3h - adopted
PS>TerminatingError(Invoke-RestMethod): "The operation has timed out."
>> TerminatingError(Invoke-RestMethod): "The operation has timed out."
>> TerminatingError(Invoke-RestMethod): "The operation has timed out."
  detect: port 4319 worker session idle 47.8h - adopted
  [20:45:44] telegram: inline menu sent (1 button row(s))
  killed Alpha serve process opencode (PID 36344, port 4311)
  [20:45:56] telegram: sent 140 chars
PS>TerminatingError(Invoke-RestMethod): "Unable to connect to the remote server"
  Alpha poll failed: Unable to connect to the remote server
PS>TerminatingError(Invoke-RestMethod): "Unable to connect to the remote server"
>> TerminatingError(Invoke-RestMethod): "Unable to connect to the remote server"
  killed Bravo serve process opencode (PID 23308, port 4319)
  [20:46:05] telegram: sent 140 chars
PS>TerminatingError(Invoke-RestMethod): "Unable to connect to the remote server"
  Alpha poll failed: Unable to connect to the remote server
PS>TerminatingError(Invoke-RestMethod): "Unable to connect to the remote server"
  Bravo poll failed: Unable to connect to the remote server
PS>TerminatingError(Invoke-RestMethod): "Unable to connect to the remote server"
>> TerminatingError(Invoke-RestMethod): "Unable to connect to the remote server"
>> TerminatingError(Invoke-RestMethod): "Unable to connect to the remote server"
>> TerminatingError(Invoke-RestMethod): "Unable to connect to the remote server"
PS>TerminatingError(Invoke-RestMethod): "Unable to connect to the remote server"
  Alpha poll failed: Unable to connect to the remote server
PS>TerminatingError(Invoke-RestMethod): "Unable to connect to the remote server"
  Bravo poll failed: Unable to connect to the remote server
PS>TerminatingError(Invoke-RestMethod): "Unable to connect to the remote server"
>> TerminatingError(Invoke-RestMethod): "Unable to connect to the remote server"
>> TerminatingError(Invoke-RestMethod): "Unable to connect to the remote server"
>> TerminatingError(Invoke-RestMethod): "Unable to connect to the remote server"
PS>TerminatingError(Invoke-RestMethod): "Unable to connect to the remote server"
  Alpha poll failed: Unable to connect to the remote server
PS>TerminatingError(Invoke-RestMethod): "Unable to connect to the remote server"
  Bravo poll failed: Unable to connect to the remote server
PS>TerminatingError(Invoke-RestMethod): "Unable to connect to the remote server"
>> TerminatingError(Invoke-RestMethod): "Unable to connect to the remote server"
>> TerminatingError(Invoke-RestMethod): "Unable to connect to the remote server"
>> TerminatingError(Invoke-RestMethod): "Unable to connect to the remote server"
PS>TerminatingError(Invoke-RestMethod): "Unable to connect to the remote server"
  Alpha poll failed: Unable to connect to the remote server
PS>TerminatingError(Invoke-RestMethod): "Unable to connect to the remote server"
  Bravo poll failed: Unable to connect to the remote server
PS>TerminatingError(Invoke-RestMethod): "Unable to connect to the remote server"
>> TerminatingError(Invoke-RestMethod): "Unable to connect to the remote server"
>> TerminatingError(Invoke-RestMethod): "Unable to connect to the remote server"
>> TerminatingError(Invoke-RestMethod): "Unable to connect to the remote server"
PS>TerminatingError(Invoke-RestMethod): "Unable to connect to the remote server"
  Alpha poll failed: Unable to connect to the remote server
PS>TerminatingError(Invoke-RestMethod): "Unable to connect to the remote server"
  Bravo poll failed: Unable to connect to the remote server
PS>TerminatingError(Invoke-RestMethod): "Unable to connect to the remote server"
>> TerminatingError(Invoke-RestMethod): "Unable to connect to the remote server"
>> TerminatingError(Invoke-RestMethod): "Unable to connect to the remote server"
>> TerminatingError(Invoke-RestMethod): "Unable to connect to the remote server"
PS>TerminatingError(Invoke-RestMethod): "Unable to connect to the remote server"
  Alpha poll failed: Unable to connect to the remote server
PS>TerminatingError(Invoke-RestMethod): "Unable to connect to the remote server"
  Bravo poll failed: Unable to connect to the remote server
PS>TerminatingError(Invoke-RestMethod): "Unable to connect to the remote server"
>> TerminatingError(Invoke-RestMethod): "Unable to connect to the remote server"
>> TerminatingError(Invoke-RestMethod): "Unable to connect to the remote server"
>> TerminatingError(Invoke-RestMethod): "Unable to connect to the remote server"
PS>TerminatingError(Invoke-RestMethod): "Unable to connect to the remote server"
  Alpha poll failed: Unable to connect to the remote server
PS>TerminatingError(Invoke-RestMethod): "Unable to connect to the remote server"
  Bravo poll failed: Unable to connect to the remote server
PS>TerminatingError(Invoke-RestMethod): "Unable to connect to the remote server"
>> TerminatingError(Invoke-RestMethod): "Unable to connect to the remote server"
>> TerminatingError(Invoke-RestMethod): "Unable to connect to the remote server"
>> TerminatingError(Invoke-RestMethod): "Unable to connect to the remote server"
PS>TerminatingError(Invoke-RestMethod): "Unable to connect to the remote server"
  Alpha poll failed: Unable to connect to the remote server
PS>TerminatingError(Invoke-RestMethod): "Unable to connect to the remote server"
  Bravo poll failed: Unable to connect to the remote server
PS>TerminatingError(Invoke-RestMethod): "Unable to connect to the remote server"
>> TerminatingError(Invoke-RestMethod): "Unable to connect to the remote server"
>> TerminatingError(Invoke-RestMethod): "Unable to connect to the remote server"
>> TerminatingError(Invoke-RestMethod): "Unable to connect to the remote server"
PS>TerminatingError(Invoke-RestMethod): "Unable to connect to the remote server"
  Alpha poll failed: Unable to connect to the remote server
PS>TerminatingError(Invoke-RestMethod): "Unable to connect to the remote server"
  Bravo poll failed: Unable to connect to the remote server
PS>TerminatingError(Invoke-RestMethod): "Unable to connect to the remote server"
>> TerminatingError(Invoke-RestMethod): "Unable to connect to the remote server"
>> TerminatingError(Invoke-RestMethod): "Unable to connect to the remote server"
>> TerminatingError(Invoke-RestMethod): "Unable to connect to the remote server"
PS>TerminatingError(Invoke-RestMethod): "Unable to connect to the remote server"
  Alpha poll failed: Unable to connect to the remote server
PS>TerminatingError(Invoke-RestMethod): "Unable to connect to the remote server"
  Bravo poll failed: Unable to connect to the remote server
PS>TerminatingError(Invoke-RestMethod): "Unable to connect to the remote server"
>> TerminatingError(Invoke-RestMethod): "Unable to connect to the remote server"
>> TerminatingError(Invoke-RestMethod): "Unable to connect to the remote server"
>> TerminatingError(Invoke-RestMethod): "Unable to connect to the remote server"
PS>TerminatingError(Invoke-RestMethod): "Unable to connect to the remote server"
  Alpha poll failed: Unable to connect to the remote server
PS>TerminatingError(Invoke-RestMethod): "Unable to connect to the remote server"
  Bravo poll failed: Unable to connect to the remote server
PS>TerminatingError(Invoke-RestMethod): "Unable to connect to the remote server"
>> TerminatingError(Invoke-RestMethod): "Unable to connect to the remote server"
>> TerminatingError(Invoke-RestMethod): "Unable to connect to the remote server"
>> TerminatingError(Invoke-RestMethod): "Unable to connect to the remote server"
PS>TerminatingError(Invoke-RestMethod): "Unable to connect to the remote server"
  Alpha poll failed: Unable to connect to the remote server
PS>TerminatingError(Invoke-RestMethod): "Unable to connect to the remote server"
  Bravo poll failed: Unable to connect to the remote server
PS>TerminatingError(Invoke-RestMethod): "Unable to connect to the remote server"
>> TerminatingError(Invoke-RestMethod): "Unable to connect to the remote server"
>> TerminatingError(Invoke-RestMethod): "Unable to connect to the remote server"
>> TerminatingError(Invoke-RestMethod): "Unable to connect to the remote server"
PS>TerminatingError(Invoke-RestMethod): "Unable to connect to the remote server"
  Alpha poll failed: Unable to connect to the remote server
PS>TerminatingError(Invoke-RestMethod): "Unable to connect to the remote server"
  Bravo poll failed: Unable to connect to the remote server
PS>TerminatingError(Invoke-RestMethod): "Unable to connect to the remote server"
>> TerminatingError(Invoke-RestMethod): "Unable to connect to the remote server"
>> TerminatingError(Invoke-RestMethod): "Unable to connect to the remote server"
>> TerminatingError(Invoke-RestMethod): "Unable to connect to the remote server"
PS>TerminatingError(Invoke-RestMethod): "Unable to connect to the remote server"
  Alpha poll failed: Unable to connect to the remote server
PS>TerminatingError(Invoke-RestMethod): "Unable to connect to the remote server"
  Bravo poll failed: Unable to connect to the remote server
PS>TerminatingError(Invoke-RestMethod): "Unable to connect to the remote server"
>> TerminatingError(Invoke-RestMethod): "Unable to connect to the remote server"
>> TerminatingError(Invoke-RestMethod): "Unable to connect to the remote server"
>> TerminatingError(Invoke-RestMethod): "Unable to connect to the remote server"
PS>TerminatingError(Invoke-RestMethod): "Unable to connect to the remote server"
  Alpha poll failed: Unable to connect to the remote server
PS>TerminatingError(Invoke-RestMethod): "Unable to connect to the remote server"
  Bravo poll failed: Unable to connect to the remote server
PS>TerminatingError(Invoke-RestMethod): "Unable to connect to the remote server"
>> TerminatingError(Invoke-RestMethod): "Unable to connect to the remote server"
>> TerminatingError(Invoke-RestMethod): "Unable to connect to the remote server"
>> TerminatingError(Invoke-RestMethod): "Unable to connect to the remote server"
PS>TerminatingError(Invoke-RestMethod): "Unable to connect to the remote server"
  Alpha poll failed: Unable to connect to the remote server
PS>TerminatingError(Invoke-RestMethod): "Unable to connect to the remote server"
  Bravo poll failed: Unable to connect to the remote server
PS>TerminatingError(Invoke-RestMethod): "Unable to connect to the remote server"
>> TerminatingError(Invoke-RestMethod): "Unable to connect to the remote server"
>> TerminatingError(Invoke-RestMethod): "Unable to connect to the remote server"
>> TerminatingError(Invoke-RestMethod): "Unable to connect to the remote server"
PS>TerminatingError(Invoke-RestMethod): "Unable to connect to the remote server"
  Alpha poll failed: Unable to connect to the remote server
PS>TerminatingError(Invoke-RestMethod): "Unable to connect to the remote server"
  Bravo poll failed: Unable to connect to the remote server
PS>TerminatingError(Invoke-RestMethod): "Unable to connect to the remote server"
>> TerminatingError(Invoke-RestMethod): "Unable to connect to the remote server"
>> TerminatingError(Invoke-RestMethod): "Unable to connect to the remote server"
>> TerminatingError(Invoke-RestMethod): "Unable to connect to the remote server"
PS>TerminatingError(Invoke-RestMethod): "Unable to connect to the remote server"
  Alpha poll failed: Unable to connect to the remote server
PS>TerminatingError(Invoke-RestMethod): "Unable to connect to the remote server"
  Bravo poll failed: Unable to connect to the remote server
PS>TerminatingError(Invoke-RestMethod): "Unable to connect to the remote server"
>> TerminatingError(Invoke-RestMethod): "Unable to connect to the remote server"
>> TerminatingError(Invoke-RestMethod): "Unable to connect to the remote server"
>> TerminatingError(Invoke-RestMethod): "Unable to connect to the remote server"
PS>TerminatingError(Invoke-RestMethod): "Unable to connect to the remote server"
  Alpha poll failed: Unable to connect to the remote server
PS>TerminatingError(Invoke-RestMethod): "Unable to connect to the remote server"
  Bravo poll failed: Unable to connect to the remote server
PS>TerminatingError(Invoke-RestMethod): "Unable to connect to the remote server"
>> TerminatingError(Invoke-RestMethod): "Unable to connect to the remote server"
>> TerminatingError(Invoke-RestMethod): "Unable to connect to the remote server"
>> TerminatingError(Invoke-RestMethod): "Unable to connect to the remote server"
PS>TerminatingError(Invoke-RestMethod): "Unable to connect to the remote server"
  Alpha poll failed: Unable to connect to the remote server
PS>TerminatingError(Invoke-RestMethod): "Unable to connect to the remote server"
  Bravo poll failed: Unable to connect to the remote server
PS>TerminatingError(Invoke-RestMethod): "Unable to connect to the remote server"
>> TerminatingError(Invoke-RestMethod): "Unable to connect to the remote server"
>> TerminatingError(Invoke-RestMethod): "Unable to connect to the remote server"
>> TerminatingError(Invoke-RestMethod): "Unable to connect to the remote server"
PS>TerminatingError(Invoke-RestMethod): "Unable to connect to the remote server"
  Alpha poll failed: Unable to connect to the remote server
PS>TerminatingError(Invoke-RestMethod): "Unable to connect to the remote server"
  Bravo poll failed: Unable to connect to the remote server
PS>TerminatingError(Invoke-RestMethod): "Unable to connect to the remote server"
>> TerminatingError(Invoke-RestMethod): "Unable to connect to the remote server"
>> TerminatingError(Invoke-RestMethod): "Unable to connect to the remote server"
>> TerminatingError(Invoke-RestMethod): "Unable to connect to the remote server"
PS>TerminatingError(Invoke-RestMethod): "Unable to connect to the remote server"
  Alpha poll failed: Unable to connect to the remote server
PS>TerminatingError(Invoke-RestMethod): "Unable to connect to the remote server"
  Bravo poll failed: Unable to connect to the remote server
PS>TerminatingError(Invoke-RestMethod): "Unable to connect to the remote server"
>> TerminatingError(Invoke-RestMethod): "Unable to connect to the remote server"
>> TerminatingError(Invoke-RestMethod): "Unable to connect to the remote server"
>> TerminatingError(Invoke-RestMethod): "Unable to connect to the remote server"
PS>TerminatingError(Invoke-RestMethod): "Unable to connect to the remote server"
  Alpha poll failed: Unable to connect to the remote server
PS>TerminatingError(Invoke-RestMethod): "Unable to connect to the remote server"
  Bravo poll failed: Unable to connect to the remote server
PS>TerminatingError(Invoke-RestMethod): "Unable to connect to the remote server"
>> TerminatingError(Invoke-RestMethod): "Unable to connect to the remote server"
>> TerminatingError(Invoke-RestMethod): "Unable to connect to the remote server"
>> TerminatingError(Invoke-RestMethod): "Unable to connect to the remote server"
PS>TerminatingError(Invoke-RestMethod): "Unable to connect to the remote server"
  Alpha poll failed: Unable to connect to the remote server
PS>TerminatingError(Invoke-RestMethod): "Unable to connect to the remote server"
  Bravo poll failed: Unable to connect to the remote server
PS>TerminatingError(Invoke-RestMethod): "Unable to connect to the remote server"
>> TerminatingError(Invoke-RestMethod): "Unable to connect to the remote server"
>> TerminatingError(Invoke-RestMethod): "Unable to connect to the remote server"
>> TerminatingError(Invoke-RestMethod): "Unable to connect to the remote server"
PS>TerminatingError(Invoke-RestMethod): "Unable to connect to the remote server"
  Alpha poll failed: Unable to connect to the remote server
PS>TerminatingError(Invoke-RestMethod): "Unable to connect to the remote server"
  Bravo poll failed: Unable to connect to the remote server
PS>TerminatingError(Invoke-RestMethod): "Unable to connect to the remote server"
>> TerminatingError(Invoke-RestMethod): "Unable to connect to the remote server"
>> TerminatingError(Invoke-RestMethod): "Unable to connect to the remote server"
>> TerminatingError(Invoke-RestMethod): "Unable to connect to the remote server"
PS>TerminatingError(Invoke-RestMethod): "Unable to connect to the remote server"
  Alpha poll failed: Unable to connect to the remote server
PS>TerminatingError(Invoke-RestMethod): "Unable to connect to the remote server"
  Bravo poll failed: Unable to connect to the remote server
PS>TerminatingError(Invoke-RestMethod): "Unable to connect to the remote server"
>> TerminatingError(Invoke-RestMethod): "Unable to connect to the remote server"
>> TerminatingError(Invoke-RestMethod): "Unable to connect to the remote server"
>> TerminatingError(Invoke-RestMethod): "Unable to connect to the remote server"
PS>TerminatingError(Invoke-RestMethod): "Unable to connect to the remote server"
  Alpha poll failed: Unable to connect to the remote server
PS>TerminatingError(Invoke-RestMethod): "Unable to connect to the remote server"
  Bravo poll failed: Unable to connect to the remote server
PS>TerminatingError(Invoke-RestMethod): "Unable to connect to the remote server"
>> TerminatingError(Invoke-RestMethod): "Unable to connect to the remote server"
>> TerminatingError(Invoke-RestMethod): "Unable to connect to the remote server"
>> TerminatingError(Invoke-RestMethod): "Unable to connect to the remote server"
PS>TerminatingError(Invoke-RestMethod): "Unable to connect to the remote server"
  Alpha poll failed: Unable to connect to the remote server
PS>TerminatingError(Invoke-RestMethod): "Unable to connect to the remote server"
  Bravo poll failed: Unable to connect to the remote server
PS>TerminatingError(Invoke-RestMethod): "Unable to connect to the remote server"
>> TerminatingError(Invoke-RestMethod): "Unable to connect to the remote server"
>> TerminatingError(Invoke-RestMethod): "Unable to connect to the remote server"
>> TerminatingError(Invoke-RestMethod): "Unable to connect to the remote server"
PS>TerminatingError(Invoke-RestMethod): "Unable to connect to the remote server"
  Alpha poll failed: Unable to connect to the remote server
PS>TerminatingError(Invoke-RestMethod): "Unable to connect to the remote server"
  Bravo poll failed: Unable to connect to the remote server
PS>TerminatingError(Invoke-RestMethod): "Unable to connect to the remote server"
>> TerminatingError(Invoke-RestMethod): "Unable to connect to the remote server"
>> TerminatingError(Invoke-RestMethod): "Unable to connect to the remote server"
>> TerminatingError(Invoke-RestMethod): "Unable to connect to the remote server"
PS>TerminatingError(Invoke-RestMethod): "Unable to connect to the remote server"
  Alpha poll failed: Unable to connect to the remote server
PS>TerminatingError(Invoke-RestMethod): "Unable to connect to the remote server"
  Bravo poll failed: Unable to connect to the remote server
PS>TerminatingError(Invoke-RestMethod): "Unable to connect to the remote server"
>> TerminatingError(Invoke-RestMethod): "Unable to connect to the remote server"
>> TerminatingError(Invoke-RestMethod): "Unable to connect to the remote server"
>> TerminatingError(Invoke-RestMethod): "Unable to connect to the remote server"
PS>TerminatingError(Invoke-RestMethod): "Unable to connect to the remote server"
  Alpha poll failed: Unable to connect to the remote server
PS>TerminatingError(Invoke-RestMethod): "Unable to connect to the remote server"
  Bravo poll failed: Unable to connect to the remote server
PS>TerminatingError(Invoke-RestMethod): "Unable to connect to the remote server"
>> TerminatingError(Invoke-RestMethod): "Unable to connect to the remote server"
>> TerminatingError(Invoke-RestMethod): "Unable to connect to the remote server"
>> TerminatingError(Invoke-RestMethod): "Unable to connect to the remote server"
PS>TerminatingError(Invoke-RestMethod): "Unable to connect to the remote server"
  Alpha poll failed: Unable to connect to the remote server
PS>TerminatingError(Invoke-RestMethod): "Unable to connect to the remote server"
  Bravo poll failed: Unable to connect to the remote server
PS>TerminatingError(Invoke-RestMethod): "Unable to connect to the remote server"
>> TerminatingError(Invoke-RestMethod): "Unable to connect to the remote server"
>> TerminatingError(Invoke-RestMethod): "Unable to connect to the remote server"
>> TerminatingError(Invoke-RestMethod): "Unable to connect to the remote server"
PS>TerminatingError(Invoke-RestMethod): "Unable to connect to the remote server"
  Alpha poll failed: Unable to connect to the remote server
PS>TerminatingError(Invoke-RestMethod): "Unable to connect to the remote server"
  Bravo poll failed: Unable to connect to the remote server
PS>TerminatingError(Invoke-RestMethod): "Unable to connect to the remote server"
>> TerminatingError(Invoke-RestMethod): "Unable to connect to the remote server"
>> TerminatingError(Invoke-RestMethod): "Unable to connect to the remote server"
>> TerminatingError(Invoke-RestMethod): "Unable to connect to the remote server"
PS>TerminatingError(Invoke-RestMethod): "Unable to connect to the remote server"
  Alpha poll failed: Unable to connect to the remote server
PS>TerminatingError(Invoke-RestMethod): "Unable to connect to the remote server"
  Bravo poll failed: Unable to connect to the remote server
PS>TerminatingError(Invoke-RestMethod): "Unable to connect to the remote server"
>> TerminatingError(Invoke-RestMethod): "Unable to connect to the remote server"
>> TerminatingError(Invoke-RestMethod): "Unable to connect to the remote server"
>> TerminatingError(Invoke-RestMethod): "Unable to connect to the remote server"
PS>TerminatingError(Invoke-RestMethod): "Unable to connect to the remote server"
  Alpha poll failed: Unable to connect to the remote server
PS>TerminatingError(Invoke-RestMethod): "Unable to connect to the remote server"
  Bravo poll failed: Unable to connect to the remote server
PS>TerminatingError(Invoke-RestMethod): "Unable to connect to the remote server"
>> TerminatingError(Invoke-RestMethod): "Unable to connect to the remote server"
>> TerminatingError(Invoke-RestMethod): "Unable to connect to the remote server"
>> TerminatingError(Invoke-RestMethod): "Unable to connect to the remote server"
PS>TerminatingError(Invoke-RestMethod): "Unable to connect to the remote server"
  Alpha poll failed: Unable to connect to the remote server
PS>TerminatingError(Invoke-RestMethod): "Unable to connect to the remote server"
  Bravo poll failed: Unable to connect to the remote server
PS>TerminatingError(Invoke-RestMethod): "Unable to connect to the remote server"
>> TerminatingError(Invoke-RestMethod): "Unable to connect to the remote server"
>> TerminatingError(Invoke-RestMethod): "Unable to connect to the remote server"
>> TerminatingError(Invoke-RestMethod): "Unable to connect to the remote server"
PS>TerminatingError(Invoke-RestMethod): "Unable to connect to the remote server"
  Alpha poll failed: Unable to connect to the remote server
PS>TerminatingError(Invoke-RestMethod): "Unable to connect to the remote server"
  Bravo poll failed: Unable to connect to the remote server
PS>TerminatingError(Invoke-RestMethod): "Unable to connect to the remote server"
>> TerminatingError(Invoke-RestMethod): "Unable to connect to the remote server"
>> TerminatingError(Invoke-RestMethod): "Unable to connect to the remote server"
>> TerminatingError(Invoke-RestMethod): "Unable to connect to the remote server"
PS>TerminatingError(Invoke-RestMethod): "Unable to connect to the remote server"
  Alpha poll failed: Unable to connect to the remote server
PS>TerminatingError(Invoke-RestMethod): "Unable to connect to the remote server"
  Bravo poll failed: Unable to connect to the remote server
PS>TerminatingError(Invoke-RestMethod): "Unable to connect to the remote server"
>> TerminatingError(Invoke-RestMethod): "Unable to connect to the remote server"
>> TerminatingError(Invoke-RestMethod): "Unable to connect to the remote server"
>> TerminatingError(Invoke-RestMethod): "Unable to connect to the remote server"
PS>TerminatingError(Invoke-RestMethod): "Unable to connect to the remote server"
  Alpha poll failed: Unable to connect to the remote server
PS>TerminatingError(Invoke-RestMethod): "Unable to connect to the remote server"
  Bravo poll failed: Unable to connect to the remote server
PS>TerminatingError(Invoke-RestMethod): "Unable to connect to the remote server"
>> TerminatingError(Invoke-RestMethod): "Unable to connect to the remote server"
>> TerminatingError(Invoke-RestMethod): "Unable to connect to the remote server"
>> TerminatingError(Invoke-RestMethod): "Unable to connect to the remote server"
PS>TerminatingError(Invoke-RestMethod): "Unable to connect to the remote server"
  Alpha poll failed: Unable to connect to the remote server
PS>TerminatingError(Invoke-RestMethod): "Unable to connect to the remote server"
  Bravo poll failed: Unable to connect to the remote server
PS>TerminatingError(Invoke-RestMethod): "Unable to connect to the remote server"
>> TerminatingError(Invoke-RestMethod): "Unable to connect to the remote server"
>> TerminatingError(Invoke-RestMethod): "Unable to connect to the remote server"
>> TerminatingError(Invoke-RestMethod): "Unable to connect to the remote server"
PS>TerminatingError(Invoke-RestMethod): "Unable to connect to the remote server"
  Alpha poll failed: Unable to connect to the remote server
PS>TerminatingError(Invoke-RestMethod): "Unable to connect to the remote server"
  Bravo poll failed: Unable to connect to the remote server
PS>TerminatingError(Invoke-RestMethod): "Unable to connect to the remote server"
>> TerminatingError(Invoke-RestMethod): "Unable to connect to the remote server"
>> TerminatingError(Invoke-RestMethod): "Unable to connect to the remote server"
>> TerminatingError(Invoke-RestMethod): "Unable to connect to the remote server"
PS>TerminatingError(Invoke-RestMethod): "Unable to connect to the remote server"
  Alpha poll failed: Unable to connect to the remote server
PS>TerminatingError(Invoke-RestMethod): "Unable to connect to the remote server"
  Bravo poll failed: Unable to connect to the remote server
PS>TerminatingError(Invoke-RestMethod): "Unable to connect to the remote server"
>> TerminatingError(Invoke-RestMethod): "Unable to connect to the remote server"
>> TerminatingError(Invoke-RestMethod): "Unable to connect to the remote server"
>> TerminatingError(Invoke-RestMethod): "Unable to connect to the remote server"
PS>TerminatingError(Invoke-RestMethod): "Unable to connect to the remote server"
  Alpha poll failed: Unable to connect to the remote server
PS>TerminatingError(Invoke-RestMethod): "Unable to connect to the remote server"
  Bravo poll failed: Unable to connect to the remote server
PS>TerminatingError(Invoke-RestMethod): "Unable to connect to the remote server"
>> TerminatingError(Invoke-RestMethod): "Unable to connect to the remote server"
>> TerminatingError(Invoke-RestMethod): "Unable to connect to the remote server"
>> TerminatingError(Invoke-RestMethod): "Unable to connect to the remote server"
PS>TerminatingError(Invoke-RestMethod): "Unable to connect to the remote server"
  Alpha poll failed: Unable to connect to the remote server
PS>TerminatingError(Invoke-RestMethod): "Unable to connect to the remote server"
  Bravo poll failed: Unable to connect to the remote server
PS>TerminatingError(Invoke-RestMethod): "Unable to connect to the remote server"
>> TerminatingError(Invoke-RestMethod): "Unable to connect to the remote server"
>> TerminatingError(Invoke-RestMethod): "Unable to connect to the remote server"
>> TerminatingError(Invoke-RestMethod): "Unable to connect to the remote server"
PS>TerminatingError(Invoke-RestMethod): "Unable to connect to the remote server"
  Alpha poll failed: Unable to connect to the remote server
PS>TerminatingError(Invoke-RestMethod): "Unable to connect to the remote server"
  Bravo poll failed: Unable to connect to the remote server
PS>TerminatingError(Invoke-RestMethod): "Unable to connect to the remote server"
>> TerminatingError(Invoke-RestMethod): "Unable to connect to the remote server"
>> TerminatingError(Invoke-RestMethod): "Unable to connect to the remote server"
>> TerminatingError(Invoke-RestMethod): "Unable to connect to the remote server"
PS>TerminatingError(Invoke-RestMethod): "Unable to connect to the remote server"
  Alpha poll failed: Unable to connect to the remote server
PS>TerminatingError(Invoke-RestMethod): "Unable to connect to the remote server"
  Bravo poll failed: Unable to connect to the remote server
PS>TerminatingError(Invoke-RestMethod): "Unable to connect to the remote server"
>> TerminatingError(Invoke-RestMethod): "Unable to connect to the remote server"
>> TerminatingError(Invoke-RestMethod): "Unable to connect to the remote server"
>> TerminatingError(Invoke-RestMethod): "Unable to connect to the remote server"
PS>TerminatingError(Invoke-RestMethod): "Unable to connect to the remote server"
**********************
Windows PowerShell transcript start
Start time: 20260901211648
Username: cicada\David
RunAs User: cicada\David
Configuration Name: 
Machine: CICADA (Microsoft Windows NT 10.0.26200.0)
Host Application: C:\WINDOWS\System32\WindowsPowerShell\v1.0\powershell.exe -NoExit -Command & 'C:\Users\David\minimax-agents\manager\overseer.ps1' -AutoDetect -ExpectWorkers 1 -AutoDetectTimeoutSec 180
Process ID: 14348
PSVersion: 5.1.26100.9168
PSEdition: Desktop
PSCompatibleVersions: 1.0, 2.0, 3.0, 4.0, 5.0, 5.1.26100.9168
BuildVersion: 10.0.26100.9168
CLRVersion: 4.0.30319.42000
WSManStackVersion: 3.0
PSRemotingProtocolVersion: 2.3
SerializationVersion: 1.1.0.1
**********************
overseer v4.8 live (poll 2s) - /detect /fleet /status /doing <name> /interrupt <name> <advice>
  workers are Alpha, Bravo, Charlie... by detection order. answer yes to send a suggestion, '<name>: <text>' to steer. Ctrl+C to stop.
  [21:16:49] telegram: sent 213 chars
  detect: port 4311 worker session idle 0h - adopted
  [21:16:51] telegram: inline menu sent (1 button row(s))
  [21:16:56] telegram: sent 138 chars
  [21:27:56] telegram: sent 102 chars
  [21:28:15] telegram: sent 84 chars
[21:28:30] Alpha turn finished (546 chars) - summarizing
  (summary: 431 in / 233 out)
  [21:28:34] telegram: sent 332 chars
  [21:29:24] telegram: sent 49 chars
[21:29:32] Alpha turn finished (226 chars) - summarizing
  (summary: 343 in / 157 out)
  [21:29:34] telegram: sent 267 chars
  [21:30:10] telegram: sent 71 chars
[21:30:26] Alpha turn finished (457 chars) - summarizing
  (summary: 409 in / 400 out)
  [21:30:32] telegram: sent 544 chars
  detect: port 4311 worker session idle 0.1h - adopted
  detect: port 4312 worker session idle 0h - adopted
  [21:37:41] telegram: inline menu sent (1 button row(s))
  [21:39:09] telegram: sent 55 chars
[21:39:28] Alpha turn finished (298 chars) - summarizing
  (summary: 368 in / 175 out)
  [21:39:31] telegram: sent 303 chars
  [21:42:17] telegram: sent 53 chars
[21:42:26] Alpha turn finished (195 chars) - summarizing
  (summary: 336 in / 276 out)
  [21:42:30] telegram: sent 193 chars
  [21:43:25] telegram: sent 151 chars
[21:54:50] Bravo turn finished (3779 chars) - summarizing
  (summary: 1356 in / 400 out)
  [21:54:56] telegram: inline menu sent (1 button row(s))
  [21:56:27] telegram: sent 217 chars
  (decode: 347 in / 200 out)
  [21:57:25] telegram: sent 156 chars
  detect: port 4311 worker session idle 0.3h - adopted
  detect: port 4312 worker session idle 0h - adopted
  detect: port 4313 worker session idle 0h - adopted
  [21:57:31] telegram: inline menu sent (1 button row(s))
  [21:58:37] telegram: sent 207 chars
[21:59:18] Charlie turn finished (3371 chars) - summarizing
  (summary: 999 in / 400 out)
  [21:59:24] telegram: sent 227 chars
[22:00:15] Charlie turn finished (1183 chars) - summarizing
  (summary: 570 in / 400 out)
  [22:00:21] telegram: sent 999 chars
  [22:02:07] telegram: sent 295 chars
  [22:02:20] telegram: sent 380 chars
[22:02:26] Alpha turn finished (239 chars) - summarizing
  (summary: 329 in / 400 out)
  [22:02:31] telegram: sent 326 chars
[22:03:21] Charlie turn finished (3522 chars) - summarizing
  (summary: 1039 in / 400 out)
  [22:03:27] telegram: sent 999 chars
  [22:04:53] telegram: sent 349 chars
  [22:06:02] telegram: sent 295 chars
  [22:06:13] telegram: sent 29 chars
[22:06:13] Alpha turn finished (724 chars) - summarizing
  (summary: 440 in / 376 out)
  [22:06:18] telegram: inline menu sent (1 button row(s))
[22:06:24] Bravo turn finished (1542 chars) - summarizing
  (summary: 654 in / 400 out)
  [22:06:29] telegram: sent 991 chars
  [22:09:07] telegram: sent 418 chars
  [22:09:33] telegram: sent 93 chars
  [22:13:00] telegram: sent 295 chars
  [22:13:31] telegram: sent 81 chars
[22:13:48] Alpha turn finished (184 chars) - summarizing
  (summary: 326 in / 236 out)
  [22:13:52] telegram: sent 195 chars
  [22:14:00] telegram: sent 418 chars
  [22:16:20] telegram: sent 312 chars
[22:17:53] Alpha turn finished (704 chars) - summarizing
  (summary: 448 in / 400 out)
  [22:17:58] telegram: sent 171 chars
  [22:23:06] telegram: sent 139 chars
[22:24:56] Alpha turn finished (1042 chars) - summarizing
  (summary: 524 in / 384 out)
  [22:25:02] telegram: sent 456 chars
  (decode: 582 in / 200 out)
  [22:33:44] telegram: sent 156 chars
[22:34:29] Alpha turn finished (3783 chars) - summarizing
  (summary: 1080 in / 400 out)
  [22:34:36] telegram: inline menu sent (1 button row(s))
  [22:40:14] telegram: sent 114 chars
[22:40:39] Bravo turn finished (4665 chars) - summarizing
  (summary: 1522 in / 400 out)
  [22:40:45] telegram: sent 991 chars
  [22:42:35] telegram: sent 63 chars
  [22:45:21] telegram: sent 295 chars
  [22:45:34] telegram: sent 40 chars
[22:49:48] Bravo turn finished (3041 chars) - summarizing
  (summary: 1068 in / 275 out)
  [22:49:53] telegram: inline menu sent (1 button row(s))
  [22:51:08] telegram: sent 39 chars
  [22:56:02] telegram: sent 295 chars
[22:56:33] Bravo turn finished (2238 chars) - summarizing
  (summary: 852 in / 400 out)
  [22:56:40] telegram: sent 991 chars
[22:57:16] Bravo turn finished (945 chars) - summarizing
  (summary: 508 in / 400 out)
  [22:57:21] telegram: sent 991 chars
[23:02:35] Bravo turn finished (3025 chars) - summarizing
  (summary: 1063 in / 348 out)
  [23:02:40] telegram: inline menu sent (1 button row(s))
  [23:03:54] telegram: sent 295 chars
  [23:04:13] telegram: sent 295 chars
  [23:05:04] telegram: sent 295 chars
[23:08:41] Bravo turn finished (3970 chars) - summarizing
  (summary: 1273 in / 400 out)
  [23:08:46] telegram: sent 991 chars
[23:14:35] Bravo turn finished (4358 chars) - summarizing
  (summary: 1391 in / 400 out)
  [23:14:41] telegram: sent 503 chars
PS>TerminatingError(Invoke-WebRequest): "Unable to connect to the remote server"
>> TerminatingError(Invoke-WebRequest): "Unable to connect to the remote server"
>> TerminatingError(Invoke-WebRequest): "Unable to connect to the remote server"
PS>TerminatingError(Invoke-WebRequest): "Unable to connect to the remote server"
>> TerminatingError(Invoke-WebRequest): "Unable to connect to the remote server"
  Bravo poll failed: Unable to connect to the remote server
PS>TerminatingError(Invoke-WebRequest): "Unable to connect to the remote server"
>> TerminatingError(Invoke-WebRequest): "Unable to connect to the remote server"
>> TerminatingError(Invoke-WebRequest): "Unable to connect to the remote server"
PS>TerminatingError(Invoke-WebRequest): "Unable to connect to the remote server"
>> TerminatingError(Invoke-WebRequest): "Unable to connect to the remote server"
  Bravo poll failed: Unable to connect to the remote server
PS>TerminatingError(Invoke-WebRequest): "Unable to connect to the remote server"
>> TerminatingError(Invoke-WebRequest): "Unable to connect to the remote server"
>> TerminatingError(Invoke-WebRequest): "Unable to connect to the remote server"
PS>TerminatingError(Invoke-WebRequest): "Unable to connect to the remote server"
>> TerminatingError(Invoke-WebRequest): "Unable to connect to the remote server"
  Bravo poll failed: Unable to connect to the remote server
PS>TerminatingError(Invoke-WebRequest): "Unable to connect to the remote server"
>> TerminatingError(Invoke-WebRequest): "Unable to connect to the remote server"
>> TerminatingError(Invoke-WebRequest): "Unable to connect to the remote server"
PS>TerminatingError(Invoke-WebRequest): "Unable to connect to the remote server"
>> TerminatingError(Invoke-WebRequest): "Unable to connect to the remote server"
  Bravo poll failed: Unable to connect to the remote server
PS>TerminatingError(Invoke-WebRequest): "Unable to connect to the remote server"
>> TerminatingError(Invoke-WebRequest): "Unable to connect to the remote server"
>> TerminatingError(Invoke-WebRequest): "Unable to connect to the remote server"
PS>TerminatingError(Invoke-WebRequest): "Unable to connect to the remote server"
>> TerminatingError(Invoke-WebRequest): "Unable to connect to the remote server"
  Bravo poll failed: Unable to connect to the remote server
PS>TerminatingError(Invoke-WebRequest): "Unable to connect to the remote server"
>> TerminatingError(Invoke-WebRequest): "Unable to connect to the remote server"
>> TerminatingError(Invoke-WebRequest): "Unable to connect to the remote server"
[23:16:12] Alpha turn finished (13638 chars) - summarizing
  (summary: 2628 in / 400 out)
  [23:16:19] telegram: sent 526 chars
PS>TerminatingError(Invoke-WebRequest): "Unable to read data from the transport connection: An existing connection was forcibly closed by the remote host."
>> TerminatingError(Invoke-WebRequest): "Unable to read data from the transport connection: An existing connection was forcibly closed by the remote host."
  Bravo poll failed: Unable to read data from the transport connection: An existing connection was forcibly closed by the remote host.
PS>TerminatingError(Invoke-WebRequest): "Unable to connect to the remote server"
>> TerminatingError(Invoke-WebRequest): "Unable to connect to the remote server"
>> TerminatingError(Invoke-WebRequest): "Unable to connect to the remote server"
PS>TerminatingError(Invoke-WebRequest): "Unable to connect to the remote server"
>> TerminatingError(Invoke-WebRequest): "Unable to connect to the remote server"
  Bravo poll failed: Unable to connect to the remote server
PS>TerminatingError(Invoke-WebRequest): "Unable to connect to the remote server"
>> TerminatingError(Invoke-WebRequest): "Unable to connect to the remote server"
>> TerminatingError(Invoke-WebRequest): "Unable to connect to the remote server"
PS>TerminatingError(Invoke-WebRequest): "Unable to connect to the remote server"
>> TerminatingError(Invoke-WebRequest): "Unable to connect to the remote server"
  Bravo poll failed: Unable to connect to the remote server
PS>TerminatingError(Invoke-WebRequest): "Unable to read data from the transport connection: An existing connection was forcibly closed by the remote host."
>> TerminatingError(Invoke-WebRequest): "Unable to read data from the transport connection: An existing connection was forcibly closed by the remote host."
>> TerminatingError(Invoke-WebRequest): "Unable to read data from the transport connection: An existing connection was forcibly closed by the remote host."
PS>TerminatingError(Invoke-WebRequest): "Unable to connect to the remote server"
>> TerminatingError(Invoke-WebRequest): "Unable to connect to the remote server"
  Bravo poll failed: Unable to connect to the remote server
PS>TerminatingError(Invoke-WebRequest): "Unable to connect to the remote server"
>> TerminatingError(Invoke-WebRequest): "Unable to connect to the remote server"
>> TerminatingError(Invoke-WebRequest): "Unable to connect to the remote server"
PS>TerminatingError(Invoke-WebRequest): "Unable to connect to the remote server"
>> TerminatingError(Invoke-WebRequest): "Unable to connect to the remote server"
  Bravo poll failed: Unable to connect to the remote server
PS>TerminatingError(Invoke-WebRequest): "Unable to connect to the remote server"
>> TerminatingError(Invoke-WebRequest): "Unable to connect to the remote server"
>> TerminatingError(Invoke-WebRequest): "Unable to connect to the remote server"
PS>TerminatingError(Invoke-WebRequest): "Unable to connect to the remote server"
>> TerminatingError(Invoke-WebRequest): "Unable to connect to the remote server"
  Bravo poll failed: Unable to connect to the remote server
PS>TerminatingError(Invoke-WebRequest): "Unable to connect to the remote server"
>> TerminatingError(Invoke-WebRequest): "Unable to connect to the remote server"
>> TerminatingError(Invoke-WebRequest): "Unable to connect to the remote server"
PS>TerminatingError(Invoke-WebRequest): "Unable to connect to the remote server"
>> TerminatingError(Invoke-WebRequest): "Unable to connect to the remote server"
  Bravo poll failed: Unable to connect to the remote server
PS>TerminatingError(Invoke-WebRequest): "The operation has timed out."
>> TerminatingError(Invoke-WebRequest): "The operation has timed out."
>> TerminatingError(Invoke-WebRequest): "The operation has timed out."
PS>TerminatingError(Invoke-WebRequest): "The operation has timed out."
>> TerminatingError(Invoke-WebRequest): "The operation has timed out."
>> TerminatingError(Invoke-WebRequest): "The operation has timed out."
PS>TerminatingError(Invoke-WebRequest): "The operation has timed out."
>> TerminatingError(Invoke-WebRequest): "The operation has timed out."
>> TerminatingError(Invoke-WebRequest): "The operation has timed out."
PS>TerminatingError(Invoke-WebRequest): "The operation has timed out."
>> TerminatingError(Invoke-WebRequest): "The operation has timed out."
  Alpha poll failed: The operation has timed out.
PS>TerminatingError(Invoke-WebRequest): "The operation has timed out."
>> TerminatingError(Invoke-WebRequest): "The operation has timed out."
>> TerminatingError(Invoke-WebRequest): "The operation has timed out."
PS>TerminatingError(Invoke-WebRequest): "The operation has timed out."
>> TerminatingError(Invoke-WebRequest): "The operation has timed out."
>> TerminatingError(Invoke-WebRequest): "The operation has timed out."
PS>TerminatingError(Invoke-WebRequest): "The operation has timed out."
>> TerminatingError(Invoke-WebRequest): "The operation has timed out."
>> TerminatingError(Invoke-WebRequest): "The operation has timed out."
PS>TerminatingError(Invoke-WebRequest): "The operation has timed out."
>> TerminatingError(Invoke-WebRequest): "The operation has timed out."
>> TerminatingError(Invoke-WebRequest): "The operation has timed out."
PS>TerminatingError(Invoke-WebRequest): "The operation has timed out."
>> TerminatingError(Invoke-WebRequest): "The operation has timed out."
  Bravo poll failed: The operation has timed out.
PS>TerminatingError(Invoke-WebRequest): "The operation has timed out."
>> TerminatingError(Invoke-WebRequest): "The operation has timed out."
>> TerminatingError(Invoke-WebRequest): "The operation has timed out."
PS>TerminatingError(Invoke-WebRequest): "The operation has timed out."
>> TerminatingError(Invoke-WebRequest): "The operation has timed out."
>> TerminatingError(Invoke-WebRequest): "The operation has timed out."
>> TerminatingError(Invoke-WebRequest): "The operation has timed out."
>> TerminatingError(Invoke-WebRequest): "The operation has timed out."
>> TerminatingError(Invoke-WebRequest): "The operation has timed out."
PS>TerminatingError(Invoke-WebRequest): "The operation has timed out."
>> TerminatingError(Invoke-WebRequest): "The operation has timed out."
>> TerminatingError(Invoke-WebRequest): "The operation has timed out."
>> TerminatingError(Invoke-WebRequest): "The operation has timed out."
>> TerminatingError(Invoke-WebRequest): "The operation has timed out."
>> TerminatingError(Invoke-WebRequest): "The operation has timed out."
PS>TerminatingError(Invoke-WebRequest): "The operation has timed out."
>> TerminatingError(Invoke-WebRequest): "The operation has timed out."
  Alpha poll failed: The operation has timed out.
PS>TerminatingError(Invoke-WebRequest): "The operation has timed out."
>> TerminatingError(Invoke-WebRequest): "The operation has timed out."
  Bravo poll failed: The operation has timed out.
PS>TerminatingError(Invoke-WebRequest): "The operation has timed out."
>> TerminatingError(Invoke-WebRequest): "The operation has timed out."
>> TerminatingError(Invoke-WebRequest): "The operation has timed out."
PS>TerminatingError(Invoke-WebRequest): "The operation has timed out."
>> TerminatingError(Invoke-WebRequest): "The operation has timed out."
>> TerminatingError(Invoke-WebRequest): "The operation has timed out."
PS>TerminatingError(Invoke-WebRequest): "The operation has timed out."
>> TerminatingError(Invoke-WebRequest): "The operation has timed out."
>> TerminatingError(Invoke-WebRequest): "The operation has timed out."
PS>TerminatingError(Invoke-WebRequest): "The operation has timed out."
>> TerminatingError(Invoke-WebRequest): "The operation has timed out."
  Bravo poll failed: The operation has timed out.
PS>TerminatingError(Invoke-WebRequest): "The operation has timed out."
>> TerminatingError(Invoke-WebRequest): "The operation has timed out."
>> TerminatingError(Invoke-WebRequest): "The operation has timed out."
PS>TerminatingError(Invoke-WebRequest): "The operation has timed out."
>> TerminatingError(Invoke-WebRequest): "The operation has timed out."
>> TerminatingError(Invoke-WebRequest): "The operation has timed out."
PS>TerminatingError(Invoke-WebRequest): "The operation has timed out."
>> TerminatingError(Invoke-WebRequest): "The operation has timed out."
>> TerminatingError(Invoke-WebRequest): "The operation has timed out."
>> TerminatingError(Invoke-WebRequest): "The operation has timed out."
>> TerminatingError(Invoke-WebRequest): "The operation has timed out."
>> TerminatingError(Invoke-WebRequest): "The operation has timed out."
PS>TerminatingError(Invoke-WebRequest): "The operation has timed out."
>> TerminatingError(Invoke-WebRequest): "The operation has timed out."
>> TerminatingError(Invoke-WebRequest): "The operation has timed out."
PS>TerminatingError(Invoke-WebRequest): "The operation has timed out."
>> TerminatingError(Invoke-WebRequest): "The operation has timed out."
>> TerminatingError(Invoke-WebRequest): "The operation has timed out."
PS>TerminatingError(Invoke-WebRequest): "The operation has timed out."
>> TerminatingError(Invoke-WebRequest): "The operation has timed out."
>> TerminatingError(Invoke-WebRequest): "The operation has timed out."
PS>TerminatingError(Invoke-WebRequest): "The operation has timed out."
>> TerminatingError(Invoke-WebRequest): "The operation has timed out."
>> TerminatingError(Invoke-WebRequest): "The operation has timed out."
>> TerminatingError(Invoke-WebRequest): "The operation has timed out."
>> TerminatingError(Invoke-WebRequest): "The operation has timed out."
>> TerminatingError(Invoke-WebRequest): "The operation has timed out."
PS>TerminatingError(Invoke-WebRequest): "The operation has timed out."
>> TerminatingError(Invoke-WebRequest): "The operation has timed out."
  Alpha poll failed: The operation has timed out.
PS>TerminatingError(Invoke-WebRequest): "The operation has timed out."
>> TerminatingError(Invoke-WebRequest): "The operation has timed out."
>> TerminatingError(Invoke-WebRequest): "The operation has timed out."
